
====================================================
  MPP MES Test Runner
  Server: localhost   DB: MPP_MES_Test
====================================================

[1/4] Resetting database...

========================================
  Resetting MPP_MES_Test on localhost
========================================

[1/6] Dropping and recreating database...
[2/6] Creating/mapping dev 'ignition' login...
[3/6] Creating SchemaVersion table...
[4/6] Running versioned migrations...
  Running: 0001_bootstrap_schemas_audit_identity.sql
  Running: 0002_plant_model_location_schema.sql
  Running: 0003_add_icon_to_location_type_definition.sql
  Running: 0004_phase3_reference_lookups.sql
  Running: 0005_item_master_container_config.sql
  Running: 0006_routes_operations_eligibility.sql
  Running: 0007_bom_and_route_publish.sql
  Running: 0008_quality_spec_defect_code.sql
  Running: 0009_phase8_oee_reference.sql
  Running: 0010_phase9_tools_and_workorder.sql
  Running: 0011_drop_appuser_legacy_auth.sql
  Running: 0012_appuser_initials_and_nullable_ad.sql
  Running: 0013_oi07_oi12_corrections.sql
  Running: 0014_locationattributedefinition_unique_active_name.sql
  Running: 0015_audit_add_event_type_deleted.sql
  Running: 0016_parts_bom_unique_draft.sql
  Running: 0017_qualityspec_attribute_uom_fk.sql
  Running: 0018_tooltype_compatible_celldef.sql
  Running: 0019_location_coupled_downstream_cell.sql
  Running: 0020_arc2_phase1_shop_floor_foundation.sql
  Running: 0021_arc2_phase2_lot_lifecycle.sql
  Running: 0022_arc2_phase3_die_cast.sql
  Running: 0023_arc2_phase3_sql_deltas.sql
  Running: 0024_arc2_phase4_movement_trim_receiving.sql
  Running: 0025_arc2_phase4_label_dispatch.sql
  Running: 0026_arc2_phase8_downtime_shift.sql
  Running: 0027_arc2_phase5_machining.sql
  Running: 0028_arc2_phase6_assembly.sql
  Running: 0029_arc2_phase7_hold_sort_shipping_aim.sql
  Running: 0030_holdtype_taxonomy_fds0801.sql
  Running: 0031_hold_prior_container_status.sql
